\BOOKMARK [1][-]{section.1}{\376\377\000I\000n\000t\000r\000o\000d\000u\000c\000t\000i\000o\000n}{}% 1
\BOOKMARK [2][-]{subsection.1.1}{\376\377\000M\000o\000t\000i\000v\000a\000t\000i\000o\000n}{section.1}% 2
\BOOKMARK [1][-]{section.2}{\376\377\000T\000h\000e\000\040\000F\000i\000e\000l\000d\000\040\000o\000f\000\040\000C\000o\000m\000p\000l\000e\000x\000\040\000N\000u\000m\000b\000e\000r\000s}{}% 3
\BOOKMARK [1][-]{section.3}{\376\377\000G\000e\000o\000m\000e\000t\000r\000i\000c\000\040\000R\000e\000p\000r\000e\000s\000e\000n\000t\000a\000t\000i\000o\000n\000\040\000o\000f\000\040\000C\000o\000m\000p\000l\000e\000x\000\040\000N\000u\000m\000b\000e\000r\000s}{}% 4
\BOOKMARK [2][-]{subsection.3.1}{\376\377\000M\000o\000d\000u\000l\000u\000s\000\040\000a\000n\000d\000\040\000A\000r\000g\000u\000m\000e\000n\000t\000.\000\040\000P\000o\000l\000a\000r\000\040\000F\000o\000r\000m}{section.3}% 5
\BOOKMARK [1][-]{section.4}{\376\377\000F\000u\000n\000c\000t\000i\000o\000n\000s\000\040\000o\000f\000\040\000a\000\040\000C\000o\000m\000p\000l\000e\000x\000\040\000V\000a\000r\000i\000a\000b\000l\000e}{}% 6
\BOOKMARK [2][-]{subsection.4.1}{\376\377\000T\000r\000a\000n\000s\000f\000o\000r\000m\000a\000t\000i\000o\000n\000s\000\040\000o\000f\000\040\000t\000h\000e\000\040\000C\000o\000m\000p\000l\000e\000x\000\040\000p\000l\000a\000n\000e}{section.4}% 7
\BOOKMARK [1][-]{section.5}{\376\377\000L\000i\000m\000i\000t\000s}{}% 8
\BOOKMARK [1][-]{section.6}{\376\377\000S\000e\000t\000s\000\040\000i\000n\000\040\000C}{}% 9
\BOOKMARK [1][-]{section.7}{\376\377\000C\000o\000n\000t\000i\000n\000u\000i\000t\000y}{}% 10
\BOOKMARK [1][-]{section.8}{\376\377\000D\000i\000f\000f\000e\000r\000e\000n\000t\000i\000a\000b\000i\000l\000i\000t\000y}{}% 11
\BOOKMARK [1][-]{section.9}{\376\377\000S\000i\000n\000g\000l\000e\000-\000v\000a\000l\000u\000e\000d\000\040\000a\000n\000a\000l\000y\000t\000i\000c\000\040\000f\000u\000n\000c\000t\000i\000o\000n\000s\000.}{}% 12
\BOOKMARK [1][-]{section.10}{\376\377\000A\000n\000a\000l\000y\000t\000i\000c\000i\000t\000y\000\040\000o\000f\000\040\000m\000u\000l\000t\000i\000-\000v\000a\000l\000u\000e\000d\000\040\000f\000u\000n\000c\000t\000i\000o\000n\000s}{}% 13
\BOOKMARK [1][-]{section.11}{\376\377\000H\000a\000r\000m\000o\000n\000i\000c\000\040\000f\000u\000n\000c\000t\000i\000o\000n\000s\000.}{}% 14
\BOOKMARK [1][-]{section.12}{\376\377\000C\000o\000m\000p\000l\000e\000x\000\040\000s\000e\000q\000u\000e\000n\000c\000e\000s\000.}{}% 15
\BOOKMARK [1][-]{section.13}{\376\377\000C\000o\000m\000p\000l\000e\000x\000\040\000\050\000s\000c\000a\000l\000a\000r\000\051\000\040\000s\000e\000r\000i\000e\000s\000.}{}% 16
\BOOKMARK [1][-]{section.14}{\376\377\000C\000o\000m\000p\000l\000e\000x\000\040\000P\000o\000w\000e\000r\000\040\000S\000e\000r\000i\000e\000s}{}% 17
\BOOKMARK [1][-]{section.15}{\376\377\000T\000a\000y\000l\000o\000r\000\040\000a\000n\000d\000\040\000L\000a\000u\000r\000e\000n\000t\000\040\000s\000e\000r\000i\000e\000s}{}% 18
\BOOKMARK [1][-]{section.16}{\376\377\000L\000a\000u\000r\000e\000n\000t\000\040\000s\000e\000r\000i\000e\000s}{}% 19
\BOOKMARK [1][-]{section.17}{\376\377\000T\000r\000a\000n\000s\000f\000o\000r\000m\000a\000t\000i\000o\000n\000s\000\040\000a\000n\000d\000\040\000M\000o\000b\000\050\000r\000p\000h\000\051\000e\000u\000s}{}% 20
\BOOKMARK [1][-]{section.18}{\376\377\000F\000u\000n\000c\000t\000i\000o\000n\000\040\000L\000n\000\040\000z}{}% 21
\BOOKMARK [1][-]{section.19}{\376\377\000I\000s\000o\000l\000a\000t\000e\000d\000\040\000S\000i\000n\000g\000u\000l\000a\000r\000i\000t\000i\000e\000s}{}% 22
\BOOKMARK [2][-]{subsection.19.1}{\376\377\000T\000h\000r\000e\000e\000\040\000t\000y\000p\000e\000s\000\040\000o\000f\000\040\000i\000s\000o\000l\000a\000t\000e\000d\000\040\000s\000i\000n\000g\000u\000l\000a\000r\000i\000t\000i\000e\000s\000.}{section.19}% 23
\BOOKMARK [2][-]{subsection.19.2}{\376\377\000Z\000e\000r\000o\000s\000\040\000a\000n\000d\000\040\000P\000o\000l\000e\000s}{section.19}% 24
\BOOKMARK [1][-]{section.20}{\376\377\000C\000o\000m\000p\000l\000e\000x\000\040\000i\000n\000t\000e\000g\000r\000a\000t\000i\000o\000n\000.}{}% 25
\BOOKMARK [2][-]{subsection.20.1}{\376\377\000C\000o\000n\000t\000o\000u\000r\000\040\000I\000n\000t\000e\000g\000r\000a\000l\000s}{section.20}% 26
\BOOKMARK [1][-]{section.21}{\376\377\000C\000a\000u\000c\000h\000y\000'\000s\000\040\000T\000h\000e\000o\000r\000e\000m}{}% 27
\BOOKMARK [2][-]{subsection.21.1}{\376\377\000T\000h\000e\000\040\000C\000a\000u\000c\000h\000y\000\040\000I\000n\000t\000e\000g\000r\000a\000l\000\040\000F\000o\000r\000m\000u\000l\000a}{section.21}% 28
\BOOKMARK [1][-]{section.22}{\376\377\000R\000e\000s\000i\000d\000u\000e\000\040\000T\000h\000e\000o\000r\000e\000m}{}% 29
\BOOKMARK [1][-]{section.23}{\376\377\000I\000m\000p\000l\000i\000c\000a\000t\000i\000o\000n\000s\000\040\000o\000f\000\040\000C\000u\000a\000c\000h\000y\000'\000s\000\040\000T\000h\000e\000o\000r\000e\000m\000s}{}% 30
\BOOKMARK [2][-]{subsection.23.1}{\376\377\000C\000a\000u\000c\000h\000y\000'\000s\000\040\000E\000s\000t\000i\000m\000a\000t\000e}{section.23}% 31
\BOOKMARK [1][-]{section.24}{\376\377\000A\000p\000p\000l\000i\000c\000a\000t\000i\000o\000n\000s\000\040\000o\000f\000\040\000C\000o\000n\000t\000o\000u\000r\000\040\000I\000n\000t\000e\000g\000r\000a\000t\000i\000o\000n\000\040\000t\000o\000\040\000R\000e\000a\000l\000\040\000I\000n\000t\000e\000g\000r\000a\000l\000s}{}% 32
\BOOKMARK [2][-]{subsection.24.1}{\376\377\000S\000u\000m\000\040\000o\000f\000\040\000I\000n\000f\000i\000n\000i\000t\000e\000\040\000R\000a\000t\000i\000o\000n\000a\000l\000\040\000F\000u\000n\000c\000t\000i\000o\000n\000s}{section.24}% 33
