\BOOKMARK [1][-]{section.1}{\376\377\000I\000n\000t\000r\000o\000d\000u\000c\000t\000i\000o\000n}{}% 1
\BOOKMARK [1][-]{section.2}{\376\377\000W\000e\000e\000k\000\040\0001\000:\000\040\000L\000e\000c\000t\000u\000r\000e\000\040\0001}{}% 2
\BOOKMARK [2][-]{subsection.2.1}{\376\377\000M\000o\000t\000i\000v\000a\000t\000i\000o\000n}{section.2}% 3
\BOOKMARK [2][-]{subsection.2.2}{\376\377\000T\000h\000e\000\040\000F\000i\000e\000l\000d\000\040\000o\000f\000\040\000C\000o\000m\000p\000l\000e\000x\000\040\000N\000u\000m\000b\000e\000r\000s}{section.2}% 4
\BOOKMARK [1][-]{section.3}{\376\377\000W\000e\000e\000k\000\040\0001\000:\000\040\000L\000e\000c\000t\000u\000r\000e\000\040\0002}{}% 5
\BOOKMARK [1][-]{section.4}{\376\377\000W\000e\000e\000k\000\040\0002\000:\000\040\000L\000e\000c\000t\000u\000r\000e\000s\000\040\0002\000+\0003}{}% 6
\BOOKMARK [2][-]{subsection.4.1}{\376\377\000G\000e\000o\000m\000e\000t\000r\000i\000c\000\040\000R\000e\000p\000r\000e\000s\000e\000n\000t\000a\000t\000i\000o\000n\000\040\000o\000f\000\040\000C\000o\000m\000p\000l\000e\000x\000\040\000N\000u\000m\000b\000e\000r\000s}{section.4}% 7
\BOOKMARK [3][-]{subsubsection.4.1.1}{\376\377\000M\000o\000d\000u\000l\000u\000s\000\040\000a\000n\000d\000\040\000A\000r\000g\000u\000m\000e\000n\000t\000.\000\040\000P\000o\000l\000a\000r\000\040\000F\000o\000r\000m}{subsection.4.1}% 8
\BOOKMARK [1][-]{section.5}{\376\377\000W\000e\000e\000k\000\040\0004\000:\000\040\000L\000e\000c\000t\000u\000r\000e\000\040\0001\0000}{}% 9
\BOOKMARK [2][-]{subsection.5.1}{\376\377\000S\000i\000n\000g\000l\000e\000-\000V\000a\000l\000u\000e\000d\000\040\000A\000n\000a\000l\000y\000t\000i\000c\000\040\000F\000u\000n\000c\000t\000i\000o\000n\000s}{section.5}% 10
\BOOKMARK [1][-]{section.6}{\376\377\000W\000e\000e\000k\000\040\0005\000:\000\040\000L\000e\000c\000t\000u\000r\000e\000s\000\040\0001\0001\000+\0001\0002}{}% 11
\BOOKMARK [2][-]{subsection.6.1}{\376\377\000A\000n\000a\000l\000y\000t\000i\000c\000i\000t\000y\000\040\000o\000f\000\040\000M\000u\000l\000t\000i\000-\000V\000a\000l\000u\000e\000d\000\040\000F\000u\000n\000c\000t\000i\000o\000n\000s}{section.6}% 12
\BOOKMARK [1][-]{section.7}{\376\377\000W\000e\000e\000k\000\040\0005\000:\000\040\000L\000e\000c\000t\000u\000r\000e\000\040\0001\0003}{}% 13
\BOOKMARK [2][-]{subsection.7.1}{\376\377\000C\000o\000m\000p\000l\000e\000x\000\040\000S\000e\000q\000u\000e\000n\000c\000e\000s}{section.7}% 14
\BOOKMARK [2][-]{subsection.7.2}{\376\377\000C\000o\000m\000p\000l\000e\000x\000\040\000\050\000S\000c\000a\000l\000a\000r\000\051\000\040\000S\000e\000r\000i\000e\000s}{section.7}% 15
\BOOKMARK [1][-]{section.8}{\376\377\000W\000e\000e\000k\000\040\0005\000:\000\040\000L\000e\000c\000t\000u\000r\000e\000s\000\040\0001\0004\000+\0001\0005}{}% 16
\BOOKMARK [2][-]{subsection.8.1}{\376\377\000C\000o\000m\000p\000l\000e\000x\000\040\000P\000o\000w\000e\000r\000\040\000S\000e\000r\000i\000e\000s}{section.8}% 17
\BOOKMARK [1][-]{section.9}{\376\377\000W\000e\000e\000k\000\040\0006\000:\000\040\000L\000e\000c\000t\000u\000r\000e\000s\000\040\0001\0004\000+\0001\0005\000,\000\040\000C\000o\000n\000t\000i\000n\000u\000e\000d}{}% 18
\BOOKMARK [1][-]{section.10}{\376\377\000W\000e\000e\000k\000\040\0007\000:\000\040\000L\000e\000c\000t\000u\000r\000e\000\040\0001\0006}{}% 19
\BOOKMARK [1][-]{section.11}{\376\377\000W\000e\000e\000k\000\040\0004\000:\000\040\000L\000e\000c\000t\000u\000r\000e\000\040\0001\0000\000,\000\040\000C\000o\000n\000t\000i\000n\000u\000e\000d}{}% 20
\BOOKMARK [2][-]{subsection.11.1}{\376\377\000S\000i\000n\000g\000l\000e\000-\000V\000a\000l\000u\000e\000d\000\040\000A\000n\000a\000l\000y\000t\000i\000c\000\040\000F\000u\000n\000c\000t\000i\000o\000n\000s\000,\000\040\000C\000o\000n\000t\000i\000n\000u\000e\000d}{section.11}% 21
\BOOKMARK [1][-]{section.12}{\376\377\000W\000e\000e\000k\000\040\0005\000:\000\040\000L\000e\000c\000t\000u\000r\000e\000s\000\040\0001\0001\000+\0001\0002\000,\000\040\000C\000o\000n\000t\000i\000n\000u\000e\000d}{}% 22
\BOOKMARK [2][-]{subsection.12.1}{\376\377\000A\000n\000a\000l\000y\000t\000i\000c\000i\000t\000y\000\040\000o\000f\000\040\000M\000u\000l\000t\000i\000-\000V\000a\000l\000u\000e\000d\000\040\000F\000u\000n\000c\000t\000i\000o\000n\000s}{section.12}% 23
\BOOKMARK [1][-]{section.13}{\376\377\000W\000e\000e\000k\000\040\0006\000:\000\040\000L\000e\000c\000t\000u\000r\000e\000s\000\040\0001\0001\000+\0001\0002\000,\000\040\000C\000o\000n\000t\000i\000n\000u\000e\000d}{}% 24
\BOOKMARK [1][-]{section.14}{\376\377\000W\000e\000e\000k\000\040\0008\000:\000\040\000L\000e\000c\000t\000u\000r\000e\000\040\0001\0006\000,\000\040\000C\000o\000n\000t\000i\000n\000u\000e\000d}{}% 25
\BOOKMARK [2][-]{subsection.14.1}{\376\377\000T\000a\000y\000l\000o\000r\000\040\000a\000n\000d\000\040\000L\000a\000u\000r\000e\000n\000t\000\040\000S\000e\000r\000i\000e\000s}{section.14}% 26
\BOOKMARK [1][-]{section.15}{\376\377\000W\000e\000e\000k\000\040\0007\000:\000\040\000L\000e\000c\000t\000u\000r\000e\000s\000\040\0001\0007\000+\0001\0008}{}% 27
\BOOKMARK [2][-]{subsection.15.1}{\376\377\000L\000a\000u\000r\000e\000n\000t\000\040\000S\000e\000r\000i\000e\000s}{section.15}% 28
\BOOKMARK [1][-]{section.16}{\376\377\000W\000e\000e\000k\000\040\0005\000:\000\040\000L\000e\000c\000t\000u\000r\000e\000\040\0001\0003\000,\000\040\000C\000o\000n\000t\000i\000n\000u\000e\000d}{}% 29
\BOOKMARK [2][-]{subsection.16.1}{\376\377\000C\000o\000m\000p\000l\000e\000x\000\040\000S\000e\000q\000u\000e\000n\000c\000e\000s\000,\000\040\000C\000o\000n\000t\000i\000n\000u\000e\000d}{section.16}% 30
\BOOKMARK [1][-]{section.17}{\376\377\000W\000e\000e\000k\000\040\0009\000:\000\040\000L\000e\000c\000t\000u\000r\000e\000s\000\040\0001\0007\000+\0001\0008\000,\000\040\000C\000o\000n\000t\000i\000n\000u\000e\000d}{}% 31
\BOOKMARK [1][-]{section.18}{\376\377\000W\000e\000e\000k\000\040\0009\000:\000\040\000L\000e\000c\000t\000u\000r\000e\000s\000\040\0001\0007\000+\0001\0008\000,\000\040\000C\000o\000n\000t\000i\000n\000u\000e\000d}{}% 32
\BOOKMARK [2][-]{subsection.18.1}{\376\377\000M\000o\000b\000i\000u\000s\000\040\000T\000r\000a\000n\000s\000f\000o\000r\000m\000a\000t\000i\000o\000n\000s}{section.18}% 33
